root@DOPHUONGLY:~# echo hello world
hello world
root@DOPHUONGLY:~# passwd
Enter new UNIX password:
Retype new UNIX password:
passwd: password updated successfully
root@DOPHUONGLY:~# date
Wed Jan 10 10:02:58 DST 2018
root@DOPHUONGLY:~# hostname
DOPHUONGLY
root@DOPHUONGLY:~# arch
x86_64
root@DOPHUONGLY:~# uname -a
Linux DOPHUONGLY 4.4.0-43-Microsoft #1-Microsoft Wed Dec 31 14:42:53 PST 2014 x86_64 x86_64 x86_64 GNU/Linux
root@DOPHUONGLY:~# dmesg
dmesg: read kernel buffer failed: Function not implemented
root@DOPHUONGLY:~# uptime
 10:03:28 up 1 min,  0 users,  load average: 0.52, 0.58, 0.59
root@DOPHUONGLY:~# who am i
root@DOPHUONGLY:~# whoami
root
root@DOPHUONGLY:~# who
root@DOPHUONGLY:~# id
uid=0(root) gid=0(root) groups=0(root)
root@DOPHUONGLY:~# last

wtmp begins Fri Sep 22 23:15:02 2017
root@DOPHUONGLY:~# finger
w

The program 'finger' is currently not installed. You can install it by typing:
apt install finger
root@DOPHUONGLY:~# w
 10:03:59 up 1 min,  0 users,  load average: 0.52, 0.58, 0.59
USER     TTY      FROM             LOGIN@   IDLE   JCPU   PCPU WHAT
root@DOPHUONGLY:~#
root@DOPHUONGLY:~#
